[themegenix.com/demo/skillgro/index.html]
[backblue.gif]
[fade.gif]
[index.html]
[themegenix.com/demo/skillgro/assets/img/favicon.png]
[themegenix.com/demo/skillgro/assets/css/bootstrap.min.css]
[themegenix.com/demo/skillgro/assets/css/animate.min.css]
[themegenix.com/demo/skillgro/assets/css/magnific-popup.css]
[themegenix.com/demo/skillgro/assets/css/fontawesome-all.min.css]
[themegenix.com/demo/skillgro/assets/css/flaticon-skillgro.css]
[themegenix.com/demo/skillgro/assets/css/swiper-bundle.min.css]
[themegenix.com/demo/skillgro/assets/css/default-icons.css]
[themegenix.com/demo/skillgro/assets/css/select2.min.css]
[themegenix.com/demo/skillgro/assets/css/odometer.css]
[themegenix.com/demo/skillgro/assets/css/aos.css]
[themegenix.com/demo/skillgro/assets/css/spacing.css]
[themegenix.com/demo/skillgro/assets/css/tg-cursor.css]
[themegenix.com/demo/skillgro/assets/css/main.css]
[themegenix.com/demo/skillgro/assets/img/logo/preloader.svg]
[themegenix.com/demo/skillgro/assets/img/icons/map_marker.svg]
[themegenix.com/demo/skillgro/assets/img/icons/envelope.svg]
[themegenix.com/demo/skillgro/assets/img/icons/phone.svg]
[themegenix.com/demo/skillgro/assets/img/logo/logo.svg]
[themegenix.com/demo/skillgro/index-2.html]
[themegenix.com/demo/skillgro/courses.html]
[themegenix.com/demo/skillgro/course-details.html]
[themegenix.com/demo/skillgro/about-us.html]
[themegenix.com/demo/skillgro/instructors.html]
[themegenix.com/demo/skillgro/instructor-details.html]
[themegenix.com/demo/skillgro/events.html]
[themegenix.com/demo/skillgro/events-details.html]
[themegenix.com/demo/skillgro/login.html]
[themegenix.com/demo/skillgro/registration.html]
[themegenix.com/demo/skillgro/404.html]
[themegenix.com/demo/skillgro/contact.html]
[themegenix.com/demo/skillgro/shop.html]
[themegenix.com/demo/skillgro/shop-details.html]
[themegenix.com/demo/skillgro/blog.html]
[themegenix.com/demo/skillgro/blog-details.html]
[themegenix.com/demo/skillgro/assets/img/icons/heart.svg]
[themegenix.com/demo/skillgro/assets/img/icons/cart.svg]
[themegenix.com/demo/skillgro/assets/img/banner/banner_bg.png]
[themegenix.com/demo/skillgro/assets/img/objects/title_shape.svg]
[themegenix.com/demo/skillgro/assets/img/icons/right_arrow.svg]
[themegenix.com/demo/skillgro/assets/img/banner/banner_img.png]
[themegenix.com/demo/skillgro/assets/img/banner/banner_shape01.png]
[themegenix.com/demo/skillgro/assets/img/banner/bg_dots.svg]
[themegenix.com/demo/skillgro/assets/img/banner/banner_shape02.png]
[themegenix.com/demo/skillgro/assets/img/banner/banner_author01.png]
[themegenix.com/demo/skillgro/assets/img/banner/banner_author02.png]
[themegenix.com/demo/skillgro/assets/img/banner/banner_shape02.svg]
[themegenix.com/demo/skillgro/assets/img/banner/banner_shape01.svg]
[themegenix.com/demo/skillgro/assets/img/brand/brand01.png]
[themegenix.com/demo/skillgro/assets/img/icons/brand_star.svg]
[themegenix.com/demo/skillgro/assets/img/brand/brand02.png]
[themegenix.com/demo/skillgro/assets/img/brand/brand03.png]
[themegenix.com/demo/skillgro/assets/img/brand/brand04.png]
[themegenix.com/demo/skillgro/assets/img/brand/brand05.png]
[themegenix.com/demo/skillgro/assets/img/brand/brand06.png]
[themegenix.com/demo/skillgro/assets/img/brand/brand07.png]
[themegenix.com/demo/skillgro/assets/img/others/about_img.png]
[themegenix.com/demo/skillgro/assets/img/others/about_shape.svg]
[themegenix.com/demo/skillgro/assets/img/others/student_grp.png]
[themegenix.com/demo/skillgro/assets/img/bg/courses_bg.jpg]
[themegenix.com/demo/skillgro/assets/img/courses/course_thumb01.jpg]
[themegenix.com/demo/skillgro/course.html]
[themegenix.com/demo/skillgro/assets/img/courses/course_thumb02.jpg]
[themegenix.com/demo/skillgro/assets/img/courses/course_thumb03.jpg]
[themegenix.com/demo/skillgro/assets/img/courses/course_thumb04.jpg]
[themegenix.com/demo/skillgro/assets/img/courses/course_thumb05.jpg]
[themegenix.com/demo/skillgro/assets/img/courses/course_thumb06.jpg]
[themegenix.com/demo/skillgro/assets/img/others/newsletter_img.png]
[themegenix.com/demo/skillgro/assets/img/others/newsletter_shape01.png]
[themegenix.com/demo/skillgro/assets/img/others/newsletter_shape02.png]
[themegenix.com/demo/skillgro/assets/img/others/newsletter_shape03.png]
[themegenix.com/demo/skillgro/instructor-datails.html]
[themegenix.com/demo/skillgro/assets/img/instructor/instructor01.png]
[themegenix.com/demo/skillgro/assets/img/instructor/instructor02.png]
[themegenix.com/demo/skillgro/assets/img/instructor/instructor03.png]
[themegenix.com/demo/skillgro/assets/img/instructor/instructor04.png]
[themegenix.com/demo/skillgro/assets/img/others/faq_img.png]
[themegenix.com/demo/skillgro/assets/img/others/faq_shape01.svg]
[themegenix.com/demo/skillgro/assets/img/others/faq_shape02.svg]
[themegenix.com/demo/skillgro/assets/img/icons/features_icon01.svg]
[themegenix.com/demo/skillgro/assets/img/icons/features_icon02.svg]
[themegenix.com/demo/skillgro/assets/img/icons/features_icon03.svg]
[themegenix.com/demo/skillgro/assets/img/icons/features_icon04.svg]
[themegenix.com/demo/skillgro/assets/img/instructor/instructor_two01.png]
[themegenix.com/demo/skillgro/assets/img/instructor/instructor_shape01.svg]
[themegenix.com/demo/skillgro/assets/img/instructor/instructor_shape02.svg]
[themegenix.com/demo/skillgro/assets/img/instructor/instructor_two02.png]
[themegenix.com/demo/skillgro/assets/img/blog/blog_post01.jpg]
[themegenix.com/demo/skillgro/assets/img/blog/blog_post02.jpg]
[themegenix.com/demo/skillgro/assets/img/blog/blog_post03.jpg]
[themegenix.com/demo/skillgro/assets/img/blog/blog_post04.jpg]
[themegenix.com/demo/skillgro/assets/img/logo/secondary_logo.svg]
[themegenix.com/demo/skillgro/assets/img/icons/twitter.svg]
[themegenix.com/demo/skillgro/assets/img/icons/whatsapp.svg]
[themegenix.com/demo/skillgro/assets/img/icons/instagram.svg]
[themegenix.com/demo/skillgro/assets/img/icons/youtube.svg]
[themegenix.com/demo/skillgro/assets/img/others/google-play.svg]
[themegenix.com/demo/skillgro/assets/img/others/apple-store.svg]
[themegenix.com/demo/skillgro/assets/js/vendor/jquery-3.6.0.min.js]
[themegenix.com/demo/skillgro/assets/js/bootstrap.min.js]
[themegenix.com/demo/skillgro/assets/js/imagesloaded.pkgd.min.js]
[themegenix.com/demo/skillgro/assets/js/jquery.magnific-popup.min.js]
[themegenix.com/demo/skillgro/assets/js/jquery.odometer.min.js]
[themegenix.com/demo/skillgro/assets/js/jquery.appear.js]
[themegenix.com/demo/skillgro/assets/js/tween-max.min.js]
[themegenix.com/demo/skillgro/assets/js/select2.min.js]
[themegenix.com/demo/skillgro/assets/js/swiper-bundle.min.js]
[themegenix.com/demo/skillgro/assets/js/jquery.marquee.min.js]
[themegenix.com/demo/skillgro/assets/js/tg-cursor.min.js]
[themegenix.com/demo/skillgro/assets/js/vivus.min.js]
[themegenix.com/demo/skillgro/assets/js/ajax-form.js]
[themegenix.com/demo/skillgro/assets/js/svg-inject.min.js]
[themegenix.com/demo/skillgro/assets/js/jquery.circleType.js]
[themegenix.com/demo/skillgro/assets/js/jquery.lettering.min.js]
[themegenix.com/demo/skillgro/assets/js/wow.min.js]
[themegenix.com/demo/skillgro/assets/js/aos.js]
[themegenix.com/demo/skillgro/index.html]
[themegenix.com/demo/skillgro/assets/css/bootstrap.min.css]
[themegenix.com/demo/skillgro/assets/css/animate.min.css]
[themegenix.com/demo/skillgro/assets/css/magnific-popup.css]
[themegenix.com/demo/skillgro/assets/js/main.js]
[themegenix.com/demo/skillgro/assets/fonts/fa-brands-400.eot]
[themegenix.com/demo/skillgro/assets/fonts/fa-brands-400d41d.eot]
[themegenix.com/demo/skillgro/assets/fonts/fa-brands-400.woff2]
[themegenix.com/demo/skillgro/assets/fonts/fa-brands-400.woff]
[themegenix.com/demo/skillgro/assets/fonts/fa-brands-400.ttf]
[themegenix.com/demo/skillgro/assets/fonts/fa-brands-400.svg]
[themegenix.com/demo/skillgro/assets/fonts/fa-regular-400.eot]
[themegenix.com/demo/skillgro/assets/fonts/fa-regular-400d41d.eot]
[themegenix.com/demo/skillgro/assets/fonts/fa-regular-400.woff2]
[themegenix.com/demo/skillgro/assets/fonts/fa-regular-400.woff]
[themegenix.com/demo/skillgro/assets/fonts/fa-regular-400.ttf]
[themegenix.com/demo/skillgro/assets/fonts/fa-regular-400.svg]
[themegenix.com/demo/skillgro/assets/fonts/fa-solid-900.eot]
[themegenix.com/demo/skillgro/assets/fonts/fa-solid-900d41d.eot]
[themegenix.com/demo/skillgro/assets/fonts/fa-solid-900.woff2]
[themegenix.com/demo/skillgro/assets/fonts/fa-solid-900.woff]
[themegenix.com/demo/skillgro/assets/fonts/fa-solid-900.ttf]
[themegenix.com/demo/skillgro/assets/css/fontawesome-all.min.css]
[themegenix.com/demo/skillgro/assets/fonts/fa-solid-900.svg]
[themegenix.com/demo/skillgro/assets/fonts/flaticon_skill_grow533a.ttf]
[themegenix.com/demo/skillgro/assets/fonts/flaticon_skill_grow533a.woff]
[themegenix.com/demo/skillgro/assets/fonts/flaticon_skill_grow533a.woff2]
[themegenix.com/demo/skillgro/assets/fonts/flaticon_skill_grow533a.eot]
[themegenix.com/demo/skillgro/assets/css/flaticon-skillgro.css]
[themegenix.com/demo/skillgro/assets/css/swiper-bundle.min.css]
[themegenix.com/demo/skillgro/assets/fonts/flaticon_skill_grow533a.svg]
[themegenix.com/demo/skillgro/assets/fonts/flat-icon/flaticon_tg_defaultbada.ttf]
[themegenix.com/demo/skillgro/assets/fonts/flat-icon/flaticon_tg_defaultbada.woff]
[themegenix.com/demo/skillgro/assets/fonts/flat-icon/flaticon_tg_defaultbada.woff2]
[themegenix.com/demo/skillgro/assets/fonts/flat-icon/flaticon_tg_defaultbada.eot]
[themegenix.com/demo/skillgro/assets/css/default-icons.css]
[themegenix.com/demo/skillgro/assets/css/select2.min.css]
[themegenix.com/demo/skillgro/assets/css/odometer.css]
[themegenix.com/demo/skillgro/assets/css/aos.css]
[themegenix.com/demo/skillgro/assets/css/spacing.css]
[themegenix.com/demo/skillgro/assets/css/tg-cursor.css]
[themegenix.com/demo/skillgro/assets/fonts/flat-icon/flaticon_tg_defaultbada.svg]
[themegenix.com/demo/skillgro/assets/img/icons/down_arrow.svg]
[themegenix.com/demo/skillgro/assets/img/icons/play.svg]
[themegenix.com/demo/skillgro/assets/img/icons/cat_star.svg]
[themegenix.com/demo/skillgro/assets/img/bg/cta_bg.png]
[themegenix.com/demo/skillgro/assets/css/main.css]
[themegenix.com/demo/skillgro/assets/img/logo/preloader.svg]
[themegenix.com/demo/skillgro/assets/img/icons/map_marker.svg]
[themegenix.com/demo/skillgro/assets/img/icons/envelope.svg]
[themegenix.com/demo/skillgro/assets/img/icons/phone.svg]
[themegenix.com/demo/skillgro/assets/img/logo/logo.svg]
[themegenix.com/demo/skillgro/assets/img/banner/banner_bg02.png]
[themegenix.com/demo/skillgro/assets/img/banner/h2_banner_img.png]
[themegenix.com/demo/skillgro/assets/img/banner/h2_banner_shape01.svg]
[themegenix.com/demo/skillgro/assets/img/banner/h2_banner_shape02.svg]
[themegenix.com/demo/skillgro/assets/img/banner/h2_banner_icon.svg]
[themegenix.com/demo/skillgro/assets/img/banner/h2_banner_shape03.svg]
[themegenix.com/demo/skillgro/assets/img/icons/h2_features_icon01.svg]
[themegenix.com/demo/skillgro/assets/img/others/features_item_shape.svg]
[themegenix.com/demo/skillgro/assets/img/icons/h2_features_icon02.svg]
[themegenix.com/demo/skillgro/assets/img/icons/h2_features_icon03.svg]
[themegenix.com/demo/skillgro/assets/img/courses/course_author001.png]
[themegenix.com/demo/skillgro/assets/img/courses/course_author002.png]
[themegenix.com/demo/skillgro/assets/img/courses/course_author003.png]
[themegenix.com/demo/skillgro/assets/img/courses/course_author004.png]
[themegenix.com/demo/skillgro/assets/img/others/fact_img.png]
[themegenix.com/demo/skillgro/assets/img/others/fact_shape01.svg]
[themegenix.com/demo/skillgro/assets/img/others/fact_shape02.svg]
[themegenix.com/demo/skillgro/assets/img/bg/instructor_bg.jpg]
[themegenix.com/demo/skillgro/assets/img/instructor/h2_instructor01.png]
[themegenix.com/demo/skillgro/assets/img/instructor/h2_instructor_img_shape01.svg]
[themegenix.com/demo/skillgro/assets/img/instructor/h2_instructor02.png]
[themegenix.com/demo/skillgro/assets/img/instructor/h2_instructor03.png]
[themegenix.com/demo/skillgro/assets/img/instructor/h2_instructor04.png]
[themegenix.com/demo/skillgro/assets/img/instructor/h2_instructor05.png]
[themegenix.com/demo/skillgro/assets/img/instructor/instructor_nav01.png]
[themegenix.com/demo/skillgro/assets/img/instructor/instructor_nav02.png]
[themegenix.com/demo/skillgro/assets/img/instructor/instructor_nav03.png]
[themegenix.com/demo/skillgro/assets/img/instructor/instructor_nav04.png]
[themegenix.com/demo/skillgro/assets/img/instructor/h2_instructor_shape.png]
[themegenix.com/demo/skillgro/assets/img/events/event_thumb01.jpg]
[themegenix.com/demo/skillgro/assets/img/events/event_thumb02.jpg]
[themegenix.com/demo/skillgro/assets/img/events/event_thumb03.jpg]
[themegenix.com/demo/skillgro/assets/img/events/event_shape.png]
[themegenix.com/demo/skillgro/index-2.html]
[themegenix.com/demo/skillgro/assets/img/bg/breadcrumb_bg.jpg]
[themegenix.com/demo/skillgro/assets/img/others/breadcrumb_shape01.svg]
[themegenix.com/demo/skillgro/assets/img/others/breadcrumb_shape02.svg]
[themegenix.com/demo/skillgro/assets/img/others/breadcrumb_shape03.svg]
[themegenix.com/demo/skillgro/assets/img/others/breadcrumb_shape04.svg]
[themegenix.com/demo/skillgro/assets/img/others/breadcrumb_shape05.svg]
[themegenix.com/demo/skillgro/assets/img/courses/course_thumb07.jpg]
[themegenix.com/demo/skillgro/assets/img/courses/course_thumb08.jpg]
[themegenix.com/demo/skillgro/assets/img/courses/course_thumb09.jpg]
[themegenix.com/demo/skillgro/assets/img/courses/course_thumb10.jpg]
[themegenix.com/demo/skillgro/assets/img/courses/course_thumb11.jpg]
[themegenix.com/demo/skillgro/assets/img/courses/course_thumb12.jpg]
[themegenix.com/demo/skillgro/courses.html]
[themegenix.com/demo/skillgro/assets/img/courses/courses_details.jpg]
[themegenix.com/demo/skillgro/assets/img/icons/lock.svg]
[themegenix.com/demo/skillgro/assets/img/courses/course_instructors.png]
[themegenix.com/demo/skillgro/assets/img/courses/review-author.png]
[themegenix.com/demo/skillgro/assets/img/icons/course_icon01.svg]
[themegenix.com/demo/skillgro/assets/img/icons/course_icon02.svg]
[themegenix.com/demo/skillgro/assets/img/icons/course_icon03.svg]
[themegenix.com/demo/skillgro/assets/img/icons/course_icon04.svg]
[themegenix.com/demo/skillgro/assets/img/icons/course_icon05.svg]
[themegenix.com/demo/skillgro/assets/img/icons/course_icon06.svg]
[themegenix.com/demo/skillgro/assets/img/others/payment.png]
[themegenix.com/demo/skillgro/course-details.html]
[themegenix.com/demo/skillgro/assets/img/others/inner_about_img.jpg]
[themegenix.com/demo/skillgro/assets/img/others/inner_about_shape.svg]
[themegenix.com/demo/skillgro/assets/img/others/testi_author01.png]
[themegenix.com/demo/skillgro/assets/img/others/testi_author02.png]
[themegenix.com/demo/skillgro/assets/img/others/testi_author03.png]
[themegenix.com/demo/skillgro/about-us.html]
[themegenix.com/demo/skillgro/assets/img/instructor/instructor05.png]
[themegenix.com/demo/skillgro/assets/img/instructor/instructor06.png]
[themegenix.com/demo/skillgro/assets/img/instructor/instructor07.png]
[themegenix.com/demo/skillgro/assets/img/instructor/instructor08.png]
[themegenix.com/demo/skillgro/assets/img/instructor/instructor09.png]
[themegenix.com/demo/skillgro/instructors.html]
[themegenix.com/demo/skillgro/assets/img/instructor/instructor_details_thumb.png]
[themegenix.com/demo/skillgro/instructor-details.html]
[themegenix.com/demo/skillgro/assets/img/events/event_thumb04.jpg]
[themegenix.com/demo/skillgro/assets/img/events/event_thumb05.jpg]
[themegenix.com/demo/skillgro/assets/img/events/event_thumb06.jpg]
[themegenix.com/demo/skillgro/assets/img/events/event_thumb07.jpg]
[themegenix.com/demo/skillgro/assets/img/events/event_thumb08.jpg]
[themegenix.com/demo/skillgro/events.html]
[themegenix.com/demo/skillgro/assets/img/events/event_details_img.jpg]
[themegenix.com/demo/skillgro/assets/img/events/event_details_img02.jpg]
[themegenix.com/demo/skillgro/assets/img/icons/calendar.svg]
[themegenix.com/demo/skillgro/events-details.html]
[themegenix.com/demo/skillgro/assets/img/icons/google.svg]
[themegenix.com/demo/skillgro/forgot-pass.html]
[themegenix.com/demo/skillgro/login.html]
[themegenix.com/demo/skillgro/registration.html]
[themegenix.com/demo/skillgro/404.html]
[themegenix.com/demo/skillgro/assets/img/others/error_img.svg]
[themegenix.com/demo/skillgro/assets/img/icons/map.svg]
[themegenix.com/demo/skillgro/assets/img/icons/contact_phone.svg]
[themegenix.com/demo/skillgro/assets/img/icons/emial.svg]
[themegenix.com/demo/skillgro/contact.html]
[themegenix.com/demo/skillgro/assets/img/shop/shop_img01.jpg]
[themegenix.com/demo/skillgro/assets/img/shop/shop_img02.jpg]
[themegenix.com/demo/skillgro/assets/img/shop/shop_img03.jpg]
[themegenix.com/demo/skillgro/assets/img/shop/shop_img04.jpg]
[themegenix.com/demo/skillgro/assets/img/shop/shop_img05.jpg]
[themegenix.com/demo/skillgro/assets/img/shop/shop_img06.jpg]
[themegenix.com/demo/skillgro/assets/img/shop/shop_img07.jpg]
[themegenix.com/demo/skillgro/assets/img/shop/shop_img08.jpg]
[themegenix.com/demo/skillgro/assets/img/shop/shop_img09.jpg]
[themegenix.com/demo/skillgro/shop.html]
[themegenix.com/demo/skillgro/shop-details.html]
[themegenix.com/demo/skillgro/assets/img/blog/blog_post05.jpg]
[themegenix.com/demo/skillgro/assets/img/blog/blog_post06.jpg]
[themegenix.com/demo/skillgro/assets/img/blog/blog_post07.jpg]
[themegenix.com/demo/skillgro/assets/img/blog/blog_post08.jpg]
[themegenix.com/demo/skillgro/assets/img/blog/blog_post09.jpg]
[themegenix.com/demo/skillgro/assets/img/blog/blog_post10.jpg]
[themegenix.com/demo/skillgro/assets/img/blog/blog_post11.jpg]
[themegenix.com/demo/skillgro/assets/img/blog/blog_post12.jpg]
[themegenix.com/demo/skillgro/assets/img/blog/latest_post01.jpg]
[themegenix.com/demo/skillgro/assets/img/blog/latest_post02.jpg]
[themegenix.com/demo/skillgro/assets/img/blog/latest_post03.jpg]
[themegenix.com/demo/skillgro/assets/img/blog/latest_post04.jpg]
[themegenix.com/demo/skillgro/blog.html]
[themegenix.com/demo/skillgro/assets/img/blog/blog_details.jpg]
[themegenix.com/demo/skillgro/assets/img/blog/author.png]
[themegenix.com/demo/skillgro/assets/img/blog/comment01.png]
[themegenix.com/demo/skillgro/assets/img/blog/comment02.png]
[themegenix.com/demo/skillgro/blog-details.html]
[themegenix.com/demo/skillgro/assets/img/icons/heart.svg]
[themegenix.com/demo/skillgro/assets/img/icons/cart.svg]
[themegenix.com/demo/skillgro/assets/img/objects/title_shape.svg]
[themegenix.com/demo/skillgro/assets/img/icons/right_arrow.svg]
[themegenix.com/demo/skillgro/assets/img/banner/bg_dots.svg]
[themegenix.com/demo/skillgro/assets/img/banner/banner_shape02.svg]
[themegenix.com/demo/skillgro/assets/img/banner/banner_shape01.svg]
[themegenix.com/demo/skillgro/assets/img/icons/brand_star.svg]
[themegenix.com/demo/skillgro/assets/img/others/about_shape.svg]
[themegenix.com/demo/skillgro/course.html]
[themegenix.com/demo/skillgro/instructor-datails.html]
[themegenix.com/demo/skillgro/assets/img/others/faq_shape01.svg]
[themegenix.com/demo/skillgro/assets/img/others/faq_shape02.svg]
[themegenix.com/demo/skillgro/assets/img/icons/features_icon01.svg]
[themegenix.com/demo/skillgro/assets/img/icons/features_icon02.svg]
[themegenix.com/demo/skillgro/assets/img/icons/features_icon03.svg]
[themegenix.com/demo/skillgro/assets/img/icons/features_icon04.svg]
[themegenix.com/demo/skillgro/assets/img/instructor/instructor_shape01.svg]
[themegenix.com/demo/skillgro/assets/img/instructor/instructor_shape02.svg]
[themegenix.com/demo/skillgro/assets/img/logo/secondary_logo.svg]
[themegenix.com/demo/skillgro/assets/img/icons/facebook.svg]
[themegenix.com/demo/skillgro/assets/img/icons/twitter.svg]
[themegenix.com/demo/skillgro/assets/img/icons/whatsapp.svg]
[themegenix.com/demo/skillgro/assets/img/icons/instagram.svg]
[themegenix.com/demo/skillgro/assets/img/icons/youtube.svg]
[themegenix.com/demo/skillgro/assets/img/others/google-play.svg]
[themegenix.com/demo/skillgro/assets/img/others/apple-store.svg]
[themegenix.com/demo/skillgro/assets/js/vendor/jquery-3.6.0.min.js]
[themegenix.com/demo/skillgro/assets/js/bootstrap.min.js]
[themegenix.com/demo/skillgro/assets/js/imagesloaded.pkgd.min.js]
[themegenix.com/demo/skillgro/assets/js/jquery.magnific-popup.min.js]
[themegenix.com/demo/skillgro/assets/js/jquery.odometer.min.js]
[themegenix.com/demo/skillgro/assets/js/jquery.appear.js]
[themegenix.com/demo/skillgro/assets/js/tween-max.min.js]
[themegenix.com/demo/skillgro/assets/js/select2.min.js]
[themegenix.com/demo/skillgro/Version/index.html]
[themegenix.com/demo/skillgro/e]
[themegenix.com/demo/skillgro/t.params.url]
[themegenix.com/demo/skillgro/assets/js/swiper-bundle.min.js]
[themegenix.com/demo/skillgro/assets/js/jquery.marquee.min.js]
[themegenix.com/demo/skillgro/src/js/index.js]
[themegenix.com/demo/skillgro/node_modules/gsap/gsap-core.js]
[themegenix.com/demo/skillgro/node_modules/jquery/dist/jquery.js]
[themegenix.com/demo/skillgro/node_modules/gsap/index.js]
[themegenix.com/demo/skillgro/src/js/cursor.js]
[themegenix.com/demo/skillgro/src/js/magnetic.js]
[themegenix.com/demo/skillgro/assets/js/tg-cursor.min.js]
[themegenix.com/demo/skillgro/GET]
[themegenix.com/demo/skillgro/assets/js/vivus.min.js]
[themegenix.com/demo/skillgro/assets/js/ajax-form.js]
[themegenix.com/demo/skillgro/assets/js/svg-inject.min.js]
[themegenix.com/demo/skillgro/assets/js/jquery.circleType.js]
[themegenix.com/demo/skillgro/assets/js/jquery.lettering.min.js]
[themegenix.com/demo/skillgro/assets/js/wow.min.js]
[themegenix.com/demo/skillgro/assets/js/aos.js]
[themegenix.com/demo/skillgro/assets/js/main.js]
[themegenix.com/demo/skillgro/assets/fonts/fa-brands-400.svg]
[themegenix.com/demo/skillgro/assets/fonts/fa-regular-400.svg]
[themegenix.com/demo/skillgro/Trident/index.html]
[themegenix.com/demo/skillgro/assets/fonts/fa-solid-900.svg]
[themegenix.com/demo/skillgro/assets/fonts/flaticon_skill_grow533a.svg]
[themegenix.com/demo/skillgro/assets/fonts/flat-icon/flaticon_tg_defaultbada.svg]
[themegenix.com/demo/skillgro/assets/img/icons/down_arrow.html]
[themegenix.com/demo/skillgro/assets/img/icons/play.svg]
[themegenix.com/demo/skillgro/assets/img/icons/cat_star.svg]
[themegenix.com/demo/skillgro/assets/img/bg/cta_bg.html]
[themegenix.com/demo/skillgro/assets/img/banner/h2_banner_shape01.svg]
[themegenix.com/demo/skillgro/assets/img/banner/h2_banner_shape02.svg]
[themegenix.com/demo/skillgro/assets/img/banner/h2_banner_icon.svg]
[themegenix.com/demo/skillgro/assets/img/banner/h2_banner_shape03.svg]
[themegenix.com/demo/skillgro/assets/img/icons/h2_features_icon01.svg]
[themegenix.com/demo/skillgro/assets/img/others/features_item_shape.svg]
[themegenix.com/demo/skillgro/assets/img/icons/h2_features_icon02.svg]
[themegenix.com/demo/skillgro/assets/img/icons/h2_features_icon03.svg]
[themegenix.com/demo/skillgro/assets/img/others/fact_shape01.svg]
[themegenix.com/demo/skillgro/assets/img/others/fact_shape02.svg]
[themegenix.com/demo/skillgro/assets/img/instructor/h2_instructor_img_shape01.svg]
[themegenix.com/demo/skillgro/assets/img/others/breadcrumb_shape01.svg]
[themegenix.com/demo/skillgro/assets/img/others/breadcrumb_shape02.svg]
[themegenix.com/demo/skillgro/assets/img/others/breadcrumb_shape03.svg]
[themegenix.com/demo/skillgro/assets/img/others/breadcrumb_shape04.svg]
[themegenix.com/demo/skillgro/assets/img/others/breadcrumb_shape05.svg]
[themegenix.com/demo/skillgro/assets/img/icons/lock.svg]
[themegenix.com/demo/skillgro/assets/img/icons/course_icon01.svg]
[themegenix.com/demo/skillgro/assets/img/icons/course_icon02.svg]
[themegenix.com/demo/skillgro/assets/img/icons/course_icon03.svg]
[themegenix.com/demo/skillgro/assets/img/icons/course_icon04.svg]
[themegenix.com/demo/skillgro/assets/img/icons/course_icon05.svg]
[themegenix.com/demo/skillgro/assets/img/icons/course_icon06.svg]
[themegenix.com/demo/skillgro/assets/img/others/inner_about_shape.svg]
[themegenix.com/demo/skillgro/assets/img/icons/calendar.svg]
[themegenix.com/demo/skillgro/assets/img/icons/google.svg]
[themegenix.com/demo/skillgro/forgot-pass.html]
[themegenix.com/demo/skillgro/assets/img/others/error_img.svg]
[themegenix.com/demo/skillgro/assets/img/icons/map.svg]
[themegenix.com/demo/skillgro/assets/img/icons/contact_phone.svg]
[themegenix.com/demo/skillgro/assets/img/icons/emial.svg]
[themegenix.com/demo/skillgro/Version/index.html]
[themegenix.com/demo/skillgro/e.html]
[themegenix.com/demo/skillgro/t.params.html]
[themegenix.com/demo/skillgro/src/js/index.html]
[themegenix.com/demo/skillgro/node_modules/gsap/gsap-core.html]
[themegenix.com/demo/skillgro/node_modules/jquery/dist/jquery.html]
[themegenix.com/demo/skillgro/node_modules/gsap/index.html]
[themegenix.com/demo/skillgro/src/js/cursor.html]
[themegenix.com/demo/skillgro/src/js/magnetic.html]
[themegenix.com/demo/skillgro/GET.html]
[themegenix.com/demo/skillgro/Trident/index.html]
[themegenix.com/demo/skillgro/Edge/index.html]
[themegenix.com/demo/skillgro/Edge/index.html]
[themegenix.com/demo/skillgro/dist/index.html]
[themegenix.com/demo/skillgro/dist/index.html]
